Verification evidence: P0-11.invariant_cause_queue_sync
Status: PASS (exit code 0)
# Evidence metadata
- commit SHA: 03643aad9b71505cf5613f2a0122c08efcfd0f19
- kani: cargo-kani 0.67.0
- rustc: rustc 1.93.0-nightly (53732d5e0 2025-11-20)
- timestamp: 2026-09-12 22:53:28 +0800
- platform: WSL Linux 6.18.33.2-microsoft-standard-WSL2 x86_64
- command: cargo +nightly-2025-11-21 kani -p evorule-reactor  --harness invariant_cause_queue_sync --output-format=terse
- per-proof timeout: 300s (kill 30s)
- log: P0-11.invariant_cause_queue_sync_PASS_03643aa_20260912_225316.stdout.txt
--- result summary (tail) ---

    Finished `dev` profile [unoptimized + debuginfo] target(s) in 8.39s
Checking harness pure::kani_proofs::invariant_cause_queue_sync...

VERIFICATION RESULT:
 ** 0 of 647 failed (13 unreachable)

VERIFICATION:- SUCCESSFUL
Verification Time: 1.5989475s

Manual Harness Summary:
Complete - 1 successfully verified harnesses, 0 failures, 1 total.
