Verification evidence: P1-5.command_does_not_decrease_queue
Status: PASS (exit code 0)
# Evidence metadata
- commit SHA: 34c841da495e6e07224a17baf2b08505c95b30d2
- kani: cargo-kani 0.67.0
- rustc: rustc 1.97.1 (8bab26f4f 2026-07-14)（Kani 0.67 内置 pinned 工具链 nightly-2025-11-21）
- timestamp: 2026-09-15 20:24:09 +0800
- platform: WSL Linux 6.18.33.2-microsoft-standard-WSL2 (x86_64)
- command: cargo kani -p evorule-reactor --default-unwind 4 --harness command_does_not_decrease_queue --output-format=terse
- per-proof timeout: 300s (kill 30s)
- log: P1-5.command_does_not_decrease_queue.PASS_34c841d_20260915_202409.stdout.txt
--- result summary (tail) ---

    Finished `dev` profile [unoptimized + debuginfo] target(s) in 2.02s
Checking harness pure::kani_proofs::command_does_not_decrease_queue...

VERIFICATION RESULT:
 ** 0 of 442 failed (14 unreachable)

VERIFICATION:- SUCCESSFUL
Verification Time: 0.55187213s

Manual Harness Summary:
Complete - 1 successfully verified harnesses, 0 failures, 1 total.
