===== verify_partial_eq_never_panics =====
VERIFICATION RESULT:
VERIFICATION:- SUCCESSFUL
Verification Time: 0.87992895s
Complete - 1 successfully verified harnesses, 0 failures, 1 total.

===== verify_ord_never_panics =====
VERIFICATION RESULT:
VERIFICATION:- SUCCESSFUL
Verification Time: 1.0640689s
Complete - 1 successfully verified harnesses, 0 failures, 1 total.

===== verify_as_methods_never_panic =====
VERIFICATION RESULT:
VERIFICATION:- SUCCESSFUL
Verification Time: 0.36342663s
Complete - 1 successfully verified harnesses, 0 failures, 1 total.

===== verify_resolve_path_nested_dot =====
VERIFICATION RESULT:
VERIFICATION:- SUCCESSFUL
Verification Time: 10.612133s
Complete - 1 successfully verified harnesses, 0 failures, 1 total.

===== verify_resolve_path_deterministic =====

===== verify_resolve_path_empty_returns_none =====
VERIFICATION RESULT:
VERIFICATION:- SUCCESSFUL
Verification Time: 0.36053994s
Complete - 1 successfully verified harnesses, 0 failures, 1 total.

===== verify_resolve_path_trailing_dot =====
VERIFICATION RESULT:
VERIFICATION:- SUCCESSFUL
Verification Time: 0.3629s
Complete - 1 successfully verified harnesses, 0 failures, 1 total.

===== verify_resolve_path_invalid_index_char =====
VERIFICATION RESULT:
VERIFICATION:- SUCCESSFUL
Verification Time: 0.9734472s
Complete - 1 successfully verified harnesses, 0 failures, 1 total.

===== verify_resolve_path_missing_close_bracket =====
VERIFICATION RESULT:
VERIFICATION:- SUCCESSFUL
Verification Time: 0.62744s
Complete - 1 successfully verified harnesses, 0 failures, 1 total.

===== verify_array_index_bounds =====
VERIFICATION RESULT:
VERIFICATION:- SUCCESSFUL
Verification Time: 2.0001502s
Complete - 1 successfully verified harnesses, 0 failures, 1 total.

DONE_ALL
