Verification evidence: P1-3.invariant_version_monotonic
Status: PASS (exit code 0)
# Evidence metadata
- commit SHA: bdfb8d4b6205d881d52cca5b8acd6badfcac0616
- kani: cargo-kani 0.67.0
- rustc: rustc 1.93.0-nightly (53732d5e0 2025-11-20)
- timestamp: 2026-09-12 14:51:36 +0800
- platform: WSL Linux 6.18.33.2-microsoft-standard-WSL2 (x86_64)
- command: cargo +nightly-2025-11-21 kani -p evorule-reactor --default-unwind 4 --harness invariant_version_monotonic --output-format=terse
- per-proof timeout: 300s (kill 30s)
- log: P1-3.invariant_version_monotonic_PASS_bdfb8d4_20260912_145126.stdout.txt
--- result summary (tail) ---
             - atomic_fence (4)
             - atomic_xsub (5)
         

    Finished `dev` profile [unoptimized + debuginfo] target(s) in 7.05s
Checking harness pure::kani_proofs::invariant_version_monotonic...

VERIFICATION RESULT:
 ** 0 of 677 failed (16 unreachable)

VERIFICATION:- SUCCESSFUL
Verification Time: 0.6816908s

Manual Harness Summary:
Complete - 1 successfully verified harnesses, 0 failures, 1 total.
