Verification evidence: P1-5.command_does_not_decrease_queue
Status: PASS (exit code 0)
# Evidence metadata
- commit SHA: 03643aad9b71505cf5613f2a0122c08efcfd0f19
- kani: cargo-kani 0.67.0
- rustc: rustc 1.93.0-nightly (53732d5e0 2025-11-20)
- timestamp: 2026-09-12 22:53:33 +0800
- platform: WSL Linux 6.18.33.2-microsoft-standard-WSL2 x86_64
- command: cargo +nightly-2025-11-21 kani -p evorule-reactor --default-unwind 4 --harness command_does_not_decrease_queue --output-format=terse
- per-proof timeout: 300s (kill 30s)
- log: P1-5.command_does_not_decrease_queue_PASS_03643aa_20260912_225328.stdout.txt
--- result summary (tail) ---

    Finished `dev` profile [unoptimized + debuginfo] target(s) in 3.26s
Checking harness pure::kani_proofs::command_does_not_decrease_queue...

VERIFICATION RESULT:
 ** 0 of 443 failed (14 unreachable)

VERIFICATION:- SUCCESSFUL
Verification Time: 0.8639019s

Manual Harness Summary:
Complete - 1 successfully verified harnesses, 0 failures, 1 total.
