Verification evidence: P1-6.max_rounds_termination
Status: PASS (exit code 0)
# Evidence metadata
- commit SHA: bdfb8d4b6205d881d52cca5b8acd6badfcac0616
- kani: cargo-kani 0.67.0
- rustc: rustc 1.93.0-nightly (53732d5e0 2025-11-20)
- timestamp: 2026-09-12 14:51:39 +0800
- platform: WSL Linux 6.18.33.2-microsoft-standard-WSL2 (x86_64)
- command: cargo +nightly-2025-11-21 kani -p evorule-reactor --default-unwind 4 --harness max_rounds_termination --output-format=terse
- per-proof timeout: 300s (kill 30s)
- log: P1-6.max_rounds_termination_PASS_bdfb8d4_20260912_145136.stdout.txt
--- result summary (tail) ---
...
101 |         pub fn contains_key(&self, id: &FactId) -> bool {
    |                ^^^^^^^^^^^^

    Finished `dev` profile [unoptimized + debuginfo] target(s) in 1.92s
Checking harness pure::kani_proofs::max_rounds_termination...

VERIFICATION RESULT:
 ** 0 of 7 failed

VERIFICATION:- SUCCESSFUL
Verification Time: 0.03279247s

Manual Harness Summary:
Complete - 1 successfully verified harnesses, 0 failures, 1 total.
