Verification evidence: P0-6.verify_as_methods_never_panic
Status: PASS (exit code 0)
# Evidence metadata
- commit SHA: 1b340e5845303f6aa6d9b67ad2ee5c33e8dcc35b
- kani: cargo-kani 0.67.0
- rustc: rustc 1.93.0-nightly (53732d5e0 2025-11-20)
- timestamp: 2026-09-14 08:46:38 +0800
- platform: WSL Linux 6.18.33.2-microsoft-standard-WSL2 (x86_64)
- command: cargo +nightly-2025-11-21 kani -p evorule-tcb --tests --harness verify_as_methods_never_panic --output-format=terse
- per-proof timeout: 300s (kill 30s)
- log: P0-6.verify_as_methods_never_panic_PASS_1b340e5_20260914_084638.stdout.txt
--- result summary (tail) ---
    Finished `test` profile [unoptimized + debuginfo] target(s) in 0.35s
warning: evorule-tcb@0.5.0: evorule-tcb 变更治理门禁 PASSED - CHANGE_REQUEST.md 验证通过
warning: evorule-tcb@0.5.0: evorule-tcb 策略层检测 PASSED - 未发现策略层反模式
   Compiling evorule-tcb v0.5.0 (/mnt/d/evorule/evorule-tcb)
    Finished `test` profile [unoptimized + debuginfo] target(s) in 0.31s
Checking harness kani::kani_proofs::verify_as_methods_never_panic...

VERIFICATION RESULT:
 ** 0 of 274 failed (5 unreachable)

VERIFICATION:- SUCCESSFUL
Verification Time: 0.3914971s

Manual Harness Summary:
Complete - 1 successfully verified harnesses, 0 failures, 1 total.
